#
# There is insufficient memory for the Java Runtime Environment to continue.
# Native memory allocation (malloc) failed to allocate 1048576 bytes for AllocateHeap
# Possible reasons:
#   The system is out of physical RAM or swap space
#   The process is running with CompressedOops enabled, and the Java Heap may be blocking the growth of the native heap
# Possible solutions:
#   Reduce memory load on the system
#   Increase physical memory or swap space
#   Check if swap backing store is full
#   Decrease Java heap size (-Xmx/-Xms)
#   Decrease number of Java threads
#   Decrease Java thread stack sizes (-Xss)
#   Set larger code cache with -XX:ReservedCodeCacheSize=
#   JVM is running with Unscaled Compressed Oops mode in which the Java heap is
#     placed in the first 4GB address space. The Java Heap base address is the
#     maximum limit for the native heap growth. Please use -XX:HeapBaseMinAddress
#     to set the Java Heap base and to place the Java Heap above 4GB virtual address.
# This output file may be truncated or incomplete.
#
#  Out of Memory Error (allocation.cpp:44), pid=26500, tid=25636
#
# JRE version:  (17.0.12+8) (build )
# Java VM: Java HotSpot(TM) 64-Bit Server VM (17.0.12+8-LTS-286, mixed mode, emulated-client, sharing, tiered, compressed oops, compressed class ptrs, g1 gc, windows-amd64)
# No core dump will be written. Minidumps are not enabled by default on client versions of Windows
#

---------------  S U M M A R Y ------------

Command Line: -Dcom.sun.management.jmxremote -Dcom.sun.management.jmxremote.port=63704 -Dcom.sun.management.jmxremote.authenticate=false -Dcom.sun.management.jmxremote.ssl=false -Djava.rmi.server.hostname=localhost -Dspring.jmx.enabled=true -Dmanagement.endpoints.jmx.exposure.include=* -Dspring.application.admin.enabled=true -XX:TieredStopAtLevel=1 -Dspring.boot.project.name=notification-service -Dfile.encoding=UTF-8 -Dstdout.encoding=UTF-8 -Dstderr.encoding=UTF-8 -XX:+ShowCodeDetailsInExceptionMessages com.connectsphere.notification.NotificationServiceApplication

Host: 11th Gen Intel(R) Core(TM) i5-11400H @ 2.70GHz, 12 cores, 7G,  Windows 11 , 64 bit Build 26100 (10.0.26100.8328)
Time: Mon May 11 15:02:46 2026 India Standard Time elapsed time: 3.068134 seconds (0d 0h 0m 3s)

---------------  T H R E A D  ---------------

Current thread (0x000001a4de8ecfb0):  JavaThread "Unknown thread" [_thread_in_vm, id=25636, stack(0x000000846aa00000,0x000000846ab00000)]

Stack: [0x000000846aa00000,0x000000846ab00000]
Native frames: (J=compiled Java code, j=interpreted, Vv=VM code, C=native code)
V  [jvm.dll+0x67a04a]
V  [jvm.dll+0x7da4ed]
V  [jvm.dll+0x7dbe33]
V  [jvm.dll+0x7dc4a3]
V  [jvm.dll+0x24508f]
V  [jvm.dll+0xa5e2b]
V  [jvm.dll+0x2e22de]
V  [jvm.dll+0x2d9fbb]
V  [jvm.dll+0x7aca21]
V  [jvm.dll+0x367591]
V  [jvm.dll+0x78b999]
V  [jvm.dll+0x3ec83f]
V  [jvm.dll+0x3ee471]
C  [jli.dll+0x5297]
C  [ucrtbase.dll+0x37b0]
C  [KERNEL32.DLL+0x2e957]
C  [ntdll.dll+0x427c]


---------------  P R O C E S S  ---------------

Threads class SMR info:
_java_thread_list=0x00007fffcb207a18, length=0, elements={
}

Java Threads: ( => current thread )

Other Threads:
  0x000001a4de946fa0 GCTaskThread "GC Thread#0" [stack: 0x000000846ab00000,0x000000846ac00000] [id=30664]

[error occurred during error reporting (printing all threads), id 0xc0000005, EXCEPTION_ACCESS_VIOLATION (0xc0000005) at pc=0x00007fffcaa370e0]

VM state: not at safepoint (not fully initialized)

VM Mutex/Monitor currently owned by a thread:  ([mutex/lock_event])
[0x000001a4dc5eb7d0] Heap_lock - owner thread: 0x000001a4de8ecfb0

Heap address: 0x0000000085a00000, size: 1958 MB, Compressed Oops mode: 32-bit

CDS archive(s) mapped at: [0x0000000000000000-0x0000000000000000-0x0000000000000000), size 0, SharedBaseAddress: 0x0000000800000000, ArchiveRelocationMode: 1.
Narrow klass base: 0x0000000000000000, Narrow klass shift: 0, Narrow klass range: 0x0

GC Precious Log:
<Empty>

Heap:
 garbage-first heap   total 0K, used 0K [0x0000000085a00000, 0x0000000100000000)
  region size 1024K, 0 young (0K), 0 survivors (0K)

[error occurred during error reporting (printing heap information), id 0xc0000005, EXCEPTION_ACCESS_VIOLATION (0xc0000005) at pc=0x00007fffcae23859]

GC Heap History (0 events):
No events

Deoptimization events (0 events):
No events

Classes unloaded (0 events):
No events

Classes redefined (0 events):
No events

Internal exceptions (0 events):
No events

VM Operations (0 events):
No events

Events (1 events):
Event: 0.034 Loaded shared library C:\Program Files\Java\jdk-17\bin\java.dll


Dynamic libraries:
0x00007ff68d230000 - 0x00007ff68d240000 	C:\Program Files\Java\jdk-17\bin\javaw.exe
0x00007ff887cc0000 - 0x00007ff887f27000 	C:\WINDOWS\SYSTEM32\ntdll.dll
0x00007ff886c60000 - 0x00007ff886d29000 	C:\WINDOWS\System32\KERNEL32.DLL
0x00007ff885480000 - 0x00007ff885877000 	C:\WINDOWS\System32\KERNELBASE.dll
0x00007ff8846f0000 - 0x00007ff88483b000 	C:\WINDOWS\System32\ucrtbase.dll
0x00007ff8616e0000 - 0x00007ff8616f9000 	C:\Program Files\Java\jdk-17\bin\jli.dll
0x00007ff886ba0000 - 0x00007ff886c56000 	C:\WINDOWS\System32\ADVAPI32.dll
0x00007ff885b20000 - 0x00007ff885bc9000 	C:\WINDOWS\System32\msvcrt.dll
0x00007ff887ab0000 - 0x00007ff887b57000 	C:\WINDOWS\System32\sechost.dll
0x00007ff861650000 - 0x00007ff86166b000 	C:\Program Files\Java\jdk-17\bin\VCRUNTIME140.dll
0x00007ff885d70000 - 0x00007ff885e88000 	C:\WINDOWS\System32\RPCRT4.dll
0x00007ff886ea0000 - 0x00007ff887066000 	C:\WINDOWS\System32\USER32.dll
0x00007ff885450000 - 0x00007ff885477000 	C:\WINDOWS\System32\win32u.dll
0x00007ff887250000 - 0x00007ff88727b000 	C:\WINDOWS\System32\GDI32.dll
0x00007ff8603b0000 - 0x00007ff860642000 	C:\WINDOWS\WinSxS\amd64_microsoft.windows.common-controls_6595b64144ccf1df_6.0.26100.8328_none_3e08182ce334b678\COMCTL32.dll
0x00007ff885910000 - 0x00007ff885a3c000 	C:\WINDOWS\System32\gdi32full.dll
0x00007ff884b30000 - 0x00007ff884bd3000 	C:\WINDOWS\System32\msvcp_win.dll
0x00007ff87d020000 - 0x00007ff87d02b000 	C:\WINDOWS\SYSTEM32\VERSION.dll
0x00007ff885a40000 - 0x00007ff885a72000 	C:\WINDOWS\System32\IMM32.DLL
0x00007ff8618f0000 - 0x00007ff8618fc000 	C:\Program Files\Java\jdk-17\bin\vcruntime140_1.dll
0x00007ff83a070000 - 0x00007ff83a0fe000 	C:\Program Files\Java\jdk-17\bin\msvcp140.dll
0x00007fffca750000 - 0x00007fffcb330000 	C:\Program Files\Java\jdk-17\bin\server\jvm.dll
0x00007ff885b10000 - 0x00007ff885b18000 	C:\WINDOWS\System32\PSAPI.DLL
0x00007ff869660000 - 0x00007ff86966a000 	C:\WINDOWS\SYSTEM32\WSOCK32.dll
0x00007ff887bf0000 - 0x00007ff887c70000 	C:\WINDOWS\System32\WS2_32.dll
0x00007ff8795a0000 - 0x00007ff8795d6000 	C:\WINDOWS\SYSTEM32\WINMM.dll
0x00007ff883460000 - 0x00007ff88347b000 	C:\WINDOWS\SYSTEM32\kernel.appcore.dll
0x00007ff8616d0000 - 0x00007ff8616da000 	C:\Program Files\Java\jdk-17\bin\jimage.dll
0x00007ff8824e0000 - 0x00007ff882722000 	C:\WINDOWS\SYSTEM32\DBGHELP.DLL
0x00007ff887280000 - 0x00007ff887603000 	C:\WINDOWS\System32\combase.dll
0x00007ff885bd0000 - 0x00007ff885ca9000 	C:\WINDOWS\System32\OLEAUT32.dll
0x00007ff85cbf0000 - 0x00007ff85cc2b000 	C:\WINDOWS\SYSTEM32\dbgcore.DLL
0x00007ff884a80000 - 0x00007ff884b28000 	C:\WINDOWS\System32\bcryptPrimitives.dll
0x00007ff852d60000 - 0x00007ff852d85000 	C:\Program Files\Java\jdk-17\bin\java.dll

dbghelp: loaded successfully - version: 4.0.5 - missing functions: none
symbol engine: initialized successfully - sym options: 0x614 - pdb path: .;C:\Program Files\Java\jdk-17\bin;C:\WINDOWS\SYSTEM32;C:\WINDOWS\WinSxS\amd64_microsoft.windows.common-controls_6595b64144ccf1df_6.0.26100.8328_none_3e08182ce334b678;C:\Program Files\Java\jdk-17\bin\server

VM Arguments:
jvm_args: -Dcom.sun.management.jmxremote -Dcom.sun.management.jmxremote.port=63704 -Dcom.sun.management.jmxremote.authenticate=false -Dcom.sun.management.jmxremote.ssl=false -Djava.rmi.server.hostname=localhost -Dspring.jmx.enabled=true -Dmanagement.endpoints.jmx.exposure.include=* -Dspring.application.admin.enabled=true -XX:TieredStopAtLevel=1 -Dspring.boot.project.name=notification-service -Dfile.encoding=UTF-8 -Dstdout.encoding=UTF-8 -Dstderr.encoding=UTF-8 -XX:+ShowCodeDetailsInExceptionMessages 
java_command: com.connectsphere.notification.NotificationServiceApplication
java_class_path (initial): C:\Users\Ayush Mishra\Desktop\ConnectSphere-Backend\notification-service\target\classes;C:\Users\Ayush Mishra\.m2\repository\org\springframework\boot\spring-boot-starter-web\3.2.0\spring-boot-starter-web-3.2.0.jar;C:\Users\Ayush Mishra\.m2\repository\org\springframework\boot\spring-boot-starter\3.2.0\spring-boot-starter-3.2.0.jar;C:\Users\Ayush Mishra\.m2\repository\org\springframework\boot\spring-boot\3.2.0\spring-boot-3.2.0.jar;C:\Users\Ayush Mishra\.m2\repository\org\springframework\boot\spring-boot-autoconfigure\3.2.0\spring-boot-autoconfigure-3.2.0.jar;C:\Users\Ayush Mishra\.m2\repository\org\springframework\boot\spring-boot-starter-logging\3.2.0\spring-boot-starter-logging-3.2.0.jar;C:\Users\Ayush Mishra\.m2\repository\ch\qos\logback\logback-classic\1.4.11\logback-classic-1.4.11.jar;C:\Users\Ayush Mishra\.m2\repository\ch\qos\logback\logback-core\1.4.11\logback-core-1.4.11.jar;C:\Users\Ayush Mishra\.m2\repository\org\apache\logging\log4j\log4j-to-slf4j\2.21.1\log4j-to-slf4j-2.21.1.jar;C:\Users\Ayush Mishra\.m2\repository\org\apache\logging\log4j\log4j-api\2.21.1\log4j-api-2.21.1.jar;C:\Users\Ayush Mishra\.m2\repository\org\slf4j\jul-to-slf4j\2.0.9\jul-to-slf4j-2.0.9.jar;C:\Users\Ayush Mishra\.m2\repository\jakarta\annotation\jakarta.annotation-api\2.1.1\jakarta.annotation-api-2.1.1.jar;C:\Users\Ayush Mishra\.m2\repository\org\yaml\snakeyaml\2.2\snakeyaml-2.2.jar;C:\Users\Ayush Mishra\.m2\repository\org\springframework\boot\spring-boot-starter-json\3.2.0\spring-boot-starter-json-3.2.0.jar;C:\Users\Ayush Mishra\.m2\repository\com\fasterxml\jackson\core\jackson-databind\2.15.3\jackson-databind-2.15.3.jar;C:\Users\Ayush Mishra\.m2\repository\com\fasterxml\jackson\datatype\jackson-datatype-jdk8\2.15.3\jackson-datatype-jdk8-2.15.3.jar;C:\Users\Ayush Mishra\.m2\repository\com\fasterxml\jackson\datatype\jackson-datatype-jsr310\2.15.3\jackson-datatype-jsr310-2.15.3.jar;C:\Users\Ayush Mishra\.m2\repository\com\fasterxml\jackson\module\jackso
Launcher Type: SUN_STANDARD

[Global flags]
     intx CICompilerCount                          = 4                                         {product} {ergonomic}
     uint ConcGCThreads                            = 3                                         {product} {ergonomic}
     uint G1ConcRefinementThreads                  = 10                                        {product} {ergonomic}
   size_t G1HeapRegionSize                         = 1048576                                   {product} {ergonomic}
    uintx GCDrainStackTargetSize                   = 64                                        {product} {ergonomic}
   size_t InitialHeapSize                          = 130023424                                 {product} {ergonomic}
     bool ManagementServer                         = true                                      {product} {command line}
   size_t MarkStackSize                            = 4194304                                   {product} {ergonomic}
   size_t MaxHeapSize                              = 2053111808                                {product} {ergonomic}
   size_t MinHeapDeltaBytes                        = 1048576                                   {product} {ergonomic}
   size_t MinHeapSize                              = 8388608                                   {product} {ergonomic}
    uintx NonProfiledCodeHeapSize                  = 0                                      {pd product} {ergonomic}
     bool ProfileInterpreter                       = false                                  {pd product} {command line}
    uintx ProfiledCodeHeapSize                     = 0                                      {pd product} {ergonomic}
     bool ShowCodeDetailsInExceptionMessages       = true                                   {manageable} {command line}
   size_t SoftMaxHeapSize                          = 2053111808                             {manageable} {ergonomic}
     intx TieredStopAtLevel                        = 1                                         {product} {command line}
     bool UseCompressedClassPointers               = true                           {product lp64_product} {ergonomic}
     bool UseCompressedOops                        = true                           {product lp64_product} {ergonomic}
     bool UseG1GC                                  = true                                      {product} {ergonomic}
     bool UseLargePagesIndividualAllocation        = false                                  {pd product} {ergonomic}

Logging:
Log output configuration:
 #0: stdout all=warning uptime,level,tags
 #1: stderr all=off uptime,level,tags

Environment Variables:
PATH=C:/sts-5.0.1//plugins/org.eclipse.justj.openjdk.hotspot.jre.full.win32.x86_64_25.0.1.v20251108-1451/jre/bin/server;C:/sts-5.0.1//plugins/org.eclipse.justj.openjdk.hotspot.jre.full.win32.x86_64_25.0.1.v20251108-1451/jre/bin;C:\Program Files\Common Files\Oracle\Java\javapath;C:\windows\system32;C:\windows;C:\windows\System32\Wbem;C:\windows\System32\WindowsPowerShell\v1.0\;C:\windows\System32\OpenSSH\;C:\Program Files (x86)\NVIDIA Corporation\PhysX\Common;C:\Program Files\NVIDIA Corporation\NVIDIA NvDLISR;C:\Program Files\HP\HP One Agent;C:\WINDOWS\system32;C:\WINDOWS;C:\WINDOWS\System32\Wbem;C:\WINDOWS\System32\WindowsPowerShell\v1.0\;C:\WINDOWS\System32\OpenSSH\;C:\Program Files\Git\cmd;C:\Program Files\Java\jdk-25\bin;C:\Program Files\nodejs\;C:\Program Files\Docker\Docker\resources\bin;C:\maven-mvnd-1.0.5-windows-amd64\bin;C:\apache-maven-3.9.15\bin;C:\Program Files\MySQL\MySQL Shell 8.0\bin\;C:\Users\Ayush Mishra\AppData\Local\Microsoft\WindowsApps;C:\Users\Ayush Mishra\AppData\Local\Programs\Microsoft VS Code\bin;C:\Users\Ayush Mishra\AppData\Roaming\npm;C:\Program Files\nodejs;C:\sts-5.0.1;
USERNAME=Ayush Mishra
OS=Windows_NT
PROCESSOR_IDENTIFIER=Intel64 Family 6 Model 141 Stepping 1, GenuineIntel



---------------  S Y S T E M  ---------------

OS:
 Windows 11 , 64 bit Build 26100 (10.0.26100.8328)
OS uptime: 3 days 16:04 hours
Hyper-V role detected

CPU: total 12 (initial active 12) (6 cores per cpu, 2 threads per core) family 6 model 141 stepping 1 microcode 0x4e, cx8, cmov, fxsr, ht, mmx, 3dnowpref, sse, sse2, sse3, ssse3, sse4.1, sse4.2, popcnt, lzcnt, tsc, tscinvbit, avx, avx2, aes, erms, clmul, bmi1, bmi2, adx, avx512f, avx512dq, avx512cd, avx512bw, avx512vl, sha, fma, vzeroupper, avx512_vpopcntdq, avx512_vpclmulqdq, avx512_vaes, avx512_vnni, clflush, clflushopt, clwb, avx512_vbmi2, avx512_vbmi, hv

Memory: 4k page, system-wide physical 7830M (346M free)
TotalPageFile size 31382M (AvailPageFile size 21M)
current process WorkingSet (physical memory assigned to process): 12M, peak: 12M
current process commit charge ("private bytes"): 54M, peak: 55M

vm_info: Java HotSpot(TM) 64-Bit Server VM (17.0.12+8-LTS-286) for windows-amd64 JRE (17.0.12+8-LTS-286), built on Jun  5 2024 06:46:59 by "mach5one" with MS VC++ 17.6 (VS2022)

END.
