#
# A fatal error has been detected by the Java Runtime Environment:
#
#  EXCEPTION_ACCESS_VIOLATION (0xc0000005) at pc=0x00007ff8616d1b85, pid=9204, tid=8444
#
# JRE version:  (17.0.12+8) (build )
# Java VM: Java HotSpot(TM) 64-Bit Server VM (17.0.12+8-LTS-286, mixed mode, sharing, tiered, unknown gc, windows-amd64)
# Problematic frame:
# C  [jimage.dll+0x1b85]
#
# No core dump will be written. Minidumps are not enabled by default on client versions of Windows
#
#

---------------  S U M M A R Y ------------

Command Line: 

Host: 11th Gen Intel(R) Core(TM) i5-11400H @ 2.70GHz, 12 cores, 7G,  Windows 11 , 64 bit Build 26100 (10.0.26100.8328)
Time: Mon May 11 15:02:44 2026 India Standard Time elapsed time: 1.037637 seconds (0d 0h 0m 1s)

---------------  T H R E A D  ---------------

Current thread is native thread

Stack: [0x00000070de900000,0x00000070dea00000],  sp=0x00000070de9fe2b0,  free space=1016k
Native frames: (J=compiled Java code, j=interpreted, Vv=VM code, C=native code)
C  [jimage.dll+0x1b85]
C  [jimage.dll+0x1d13]
C  [jimage.dll+0x25d9]
V  [jvm.dll+0x1efaf5]
V  [jvm.dll+0xafe8e]
V  [jvm.dll+0x78b51c]
V  [jvm.dll+0x3ec83f]
V  [jvm.dll+0x3ee471]
C  [jli.dll+0x5297]
C  [ucrtbase.dll+0x37b0]
C  [KERNEL32.DLL+0x2e957]
C  [ntdll.dll+0x427c]


siginfo: EXCEPTION_ACCESS_VIOLATION (0xc0000005), reading address 0x000000000000108c


Registers:
RAX=0x000000000000041c, RBX=0x00000070de9fe3a1, RCX=0x00007ff8616d6000, RDX=0x000000000000041c
RSP=0x00000070de9fe2b0, RBP=0x00000070de9fe3a0, RSI=0x0000000000007208, RDI=0x00000070de9fe3a0
R8 =0x00007ff8616d4298, R9 =0x000000000000001c, R10=0x00007ff861650000, R11=0x00007ff8616d6000
R12=0x0000000000000000, R13=0x000001971c518430, R14=0x00000070de9ff410, R15=0x00007fffcb02d348
RIP=0x00007ff8616d1b85, EFLAGS=0x0000000000010246


Top of Stack: (sp=0x00000070de9fe2b0)
0x00000070de9fe2b0:   0000000000000000 00000070de9fe778
0x00000070de9fe2c0:   0000000000000000 0000000000000000
0x00000070de9fe2d0:   000001971c53dbd0 00007ff8616d1d13
0x00000070de9fe2e0:   000000000000000b 000001971c53dbd0
0x00000070de9fe2f0:   0000000000000000 0000000000000000
0x00000070de9fe300:   0000000000000000 0000000000000000
0x00000070de9fe310:   0000000000000000 0000000000000000
0x00000070de9fe320:   0000002900000000 0000000000000000
0x00000070de9fe330:   0000000000000000 0000000000000000
0x00000070de9fe340:   00008046752e0410 0000000000000000
0x00000070de9fe350:   00007fffcb00bef0 0000000000000017
0x00000070de9fe360:   000001971c53dbd0 00000070de9ff410
0x00000070de9fe370:   000000000000000b 00007ff8616d25d9
0x00000070de9fe380:   0000000000000000 0000000000000000
0x00000070de9fe390:   000001971c549550 0000000000000000
0x00000070de9fe3a0:   61622e6176616a2f 692f6b646a2f6573 

Instructions: (pc=0x00007ff8616d1b85)
0x00007ff8616d1a85:   48 85 c9 74 1d 80 3d 7f 45 00 00 00 74 06 48 8b
0x00007ff8616d1a95:   53 18 eb 04 48 8b 53 40 e8 96 0e 00 00 48 83 63
0x00007ff8616d1aa5:   48 00 8b 4b 0c 83 f9 ff 74 09 e8 cc 0c 00 00 83
0x00007ff8616d1ab5:   4b 0c ff 48 8b 4b 70 48 85 c9 74 0f ba 10 00 00
0x00007ff8616d1ac5:   00 e8 ed 0e 00 00 48 83 63 70 00 48 83 c4 20 5b
0x00007ff8616d1ad5:   c3 cc cc 40 53 48 83 ec 20 48 8b d9 48 8d 0d 38
0x00007ff8616d1ae5:   47 00 00 e8 9b 0c 00 00 83 6b 08 01 75 24 48 8b
0x00007ff8616d1af5:   d3 48 8d 0d 1b 45 00 00 e8 22 08 00 00 48 8b cb
0x00007ff8616d1b05:   e8 d6 fe ff ff ba 78 00 00 00 48 8b cb e8 a1 0e
0x00007ff8616d1b15:   00 00 48 8d 0d 02 47 00 00 48 83 c4 20 5b e9 68
0x00007ff8616d1b25:   0c 00 00 48 89 5c 24 08 48 89 74 24 10 57 48 83
0x00007ff8616d1b35:   ec 20 41 8b f1 4d 8b c8 48 8b fa 4c 8b d9 4d 85
0x00007ff8616d1b45:   c0 74 78 85 f6 74 74 44 8a 12 48 8d 5a 01 48 8b
0x00007ff8616d1b55:   d3 b8 93 01 00 01 eb 12 69 c0 93 01 00 01 41 0f
0x00007ff8616d1b65:   b6 ca 44 8a 12 33 c1 48 ff c2 45 84 d2 75 e9 4d
0x00007ff8616d1b75:   8b 03 0f ba f0 1f 33 d2 49 8b cb f7 f6 48 63 c2
0x00007ff8616d1b85:   41 8b 14 81 41 ff 50 08 85 c0 7e 24 8a 0f eb 10
0x00007ff8616d1b95:   69 c0 93 01 00 01 0f b6 c9 33 c1 8a 0b 48 ff c3
0x00007ff8616d1ba5:   84 c9 75 ec 0f ba f0 1f 33 d2 f7 f6 8b c2 eb 0e
0x00007ff8616d1bb5:   79 09 83 c9 ff 2b c8 8b c1 eb 03 83 c8 ff 48 8b
0x00007ff8616d1bc5:   5c 24 30 48 8b 74 24 38 48 83 c4 20 5f c3 cc 48
0x00007ff8616d1bd5:   89 5c 24 08 48 89 74 24 10 57 48 83 ec 20 48 8b
0x00007ff8616d1be5:   f1 48 8d 0d 33 46 00 00 e8 96 0b 00 00 33 ff 39
0x00007ff8616d1bf5:   3d 1e 44 00 00 76 24 48 8b 05 1d 44 00 00 48 8b
0x00007ff8616d1c05:   d6 48 8b 1c f8 48 8b 0b e8 68 1e 00 00 85 c0 74
0x00007ff8616d1c15:   2b ff c7 3b 3d fa 43 00 00 72 dc 33 db 48 8d 0d
0x00007ff8616d1c25:   f7 45 00 00 e8 62 0b 00 00 48 8b 74 24 38 48 8b
0x00007ff8616d1c35:   c3 48 8b 5c 24 30 48 83 c4 20 5f c3 ff 43 08 eb
0x00007ff8616d1c45:   dc cc cc 48 89 5c 24 08 48 89 74 24 10 57 48 83
0x00007ff8616d1c55:   ec 20 48 8b d9 48 8b f2 48 8b 49 10 49 8b f8 8b
0x00007ff8616d1c65:   53 30 48 8b 01 ff 50 20 4c 8b 43 50 48 8b d6 48
0x00007ff8616d1c75:   8b 4b 10 44 8b c8 e8 a8 fe ff ff 83 f8 ff 74 38 



---------------  P R O C E S S  ---------------

VM state: not at safepoint (not fully initialized)

VM Mutex/Monitor currently owned by a thread: None

GC Precious Log:
<Not initialized>


Dynamic libraries:
0x00007ff68d230000 - 0x00007ff68d240000 	C:\Program Files\Java\jdk-17\bin\javaw.exe
0x00007ff887cc0000 - 0x00007ff887f27000 	C:\WINDOWS\SYSTEM32\ntdll.dll
0x00007ff886c60000 - 0x00007ff886d29000 	C:\WINDOWS\System32\KERNEL32.DLL
0x00007ff885480000 - 0x00007ff885877000 	C:\WINDOWS\System32\KERNELBASE.dll
0x00007ff8846f0000 - 0x00007ff88483b000 	C:\WINDOWS\System32\ucrtbase.dll
0x00007ff8616e0000 - 0x00007ff8616f9000 	C:\Program Files\Java\jdk-17\bin\jli.dll
0x00007ff886ba0000 - 0x00007ff886c56000 	C:\WINDOWS\System32\ADVAPI32.dll
0x00007ff885b20000 - 0x00007ff885bc9000 	C:\WINDOWS\System32\msvcrt.dll
0x00007ff887ab0000 - 0x00007ff887b57000 	C:\WINDOWS\System32\sechost.dll
0x00007ff885d70000 - 0x00007ff885e88000 	C:\WINDOWS\System32\RPCRT4.dll
0x00007ff861650000 - 0x00007ff86166b000 	C:\Program Files\Java\jdk-17\bin\VCRUNTIME140.dll
0x00007ff886ea0000 - 0x00007ff887066000 	C:\WINDOWS\System32\USER32.dll
0x00007ff885450000 - 0x00007ff885477000 	C:\WINDOWS\System32\win32u.dll
0x00007ff887250000 - 0x00007ff88727b000 	C:\WINDOWS\System32\GDI32.dll
0x00007ff8603b0000 - 0x00007ff860642000 	C:\WINDOWS\WinSxS\amd64_microsoft.windows.common-controls_6595b64144ccf1df_6.0.26100.8328_none_3e08182ce334b678\COMCTL32.dll
0x00007ff885910000 - 0x00007ff885a3c000 	C:\WINDOWS\System32\gdi32full.dll
0x00007ff884b30000 - 0x00007ff884bd3000 	C:\WINDOWS\System32\msvcp_win.dll
0x00007ff87d020000 - 0x00007ff87d02b000 	C:\WINDOWS\SYSTEM32\VERSION.dll
0x00007ff885a40000 - 0x00007ff885a72000 	C:\WINDOWS\System32\IMM32.DLL
0x00007ff8618f0000 - 0x00007ff8618fc000 	C:\Program Files\Java\jdk-17\bin\vcruntime140_1.dll
0x00007ff83a070000 - 0x00007ff83a0fe000 	C:\Program Files\Java\jdk-17\bin\msvcp140.dll
0x00007fffca750000 - 0x00007fffcb330000 	C:\Program Files\Java\jdk-17\bin\server\jvm.dll
0x00007ff885b10000 - 0x00007ff885b18000 	C:\WINDOWS\System32\PSAPI.DLL
0x00007ff8795a0000 - 0x00007ff8795d6000 	C:\WINDOWS\SYSTEM32\WINMM.dll
0x00007ff869660000 - 0x00007ff86966a000 	C:\WINDOWS\SYSTEM32\WSOCK32.dll
0x00007ff887bf0000 - 0x00007ff887c70000 	C:\WINDOWS\System32\WS2_32.dll
0x00007ff883460000 - 0x00007ff88347b000 	C:\WINDOWS\SYSTEM32\kernel.appcore.dll
0x00007ff8616d0000 - 0x00007ff8616da000 	C:\Program Files\Java\jdk-17\bin\jimage.dll
0x00007ff8824e0000 - 0x00007ff882722000 	C:\WINDOWS\SYSTEM32\DBGHELP.DLL
0x00007ff887280000 - 0x00007ff887603000 	C:\WINDOWS\System32\combase.dll
0x00007ff885bd0000 - 0x00007ff885ca9000 	C:\WINDOWS\System32\OLEAUT32.dll
0x00007ff85cbf0000 - 0x00007ff85cc2b000 	C:\WINDOWS\SYSTEM32\dbgcore.DLL
0x00007ff884a80000 - 0x00007ff884b28000 	C:\WINDOWS\System32\bcryptPrimitives.dll

dbghelp: loaded successfully - version: 4.0.5 - missing functions: none
symbol engine: initialized successfully - sym options: 0x614 - pdb path: .;C:\Program Files\Java\jdk-17\bin;C:\WINDOWS\SYSTEM32;C:\WINDOWS\WinSxS\amd64_microsoft.windows.common-controls_6595b64144ccf1df_6.0.26100.8328_none_3e08182ce334b678;C:\Program Files\Java\jdk-17\bin\server

VM Arguments:
java_command: <unknown>
java_class_path (initial): <not set>
Launcher Type: SUN_STANDARD

[Global flags]
     bool UseLargePagesIndividualAllocation        = false                                  {pd product} {ergonomic}

Logging:
Log output configuration:
 #0: stdout all=warning uptime,level,tags
 #1: stderr all=off uptime,level,tags

Environment Variables:
PATH=C:/sts-5.0.1//plugins/org.eclipse.justj.openjdk.hotspot.jre.full.win32.x86_64_25.0.1.v20251108-1451/jre/bin/server;C:/sts-5.0.1//plugins/org.eclipse.justj.openjdk.hotspot.jre.full.win32.x86_64_25.0.1.v20251108-1451/jre/bin;C:\Program Files\Common Files\Oracle\Java\javapath;C:\windows\system32;C:\windows;C:\windows\System32\Wbem;C:\windows\System32\WindowsPowerShell\v1.0\;C:\windows\System32\OpenSSH\;C:\Program Files (x86)\NVIDIA Corporation\PhysX\Common;C:\Program Files\NVIDIA Corporation\NVIDIA NvDLISR;C:\Program Files\HP\HP One Agent;C:\WINDOWS\system32;C:\WINDOWS;C:\WINDOWS\System32\Wbem;C:\WINDOWS\System32\WindowsPowerShell\v1.0\;C:\WINDOWS\System32\OpenSSH\;C:\Program Files\Git\cmd;C:\Program Files\Java\jdk-25\bin;C:\Program Files\nodejs\;C:\Program Files\Docker\Docker\resources\bin;C:\maven-mvnd-1.0.5-windows-amd64\bin;C:\apache-maven-3.9.15\bin;C:\Program Files\MySQL\MySQL Shell 8.0\bin\;C:\Users\Ayush Mishra\AppData\Local\Microsoft\WindowsApps;C:\Users\Ayush Mishra\AppData\Local\Programs\Microsoft VS Code\bin;C:\Users\Ayush Mishra\AppData\Roaming\npm;C:\Program Files\nodejs;C:\sts-5.0.1;
USERNAME=Ayush Mishra
OS=Windows_NT
PROCESSOR_IDENTIFIER=Intel64 Family 6 Model 141 Stepping 1, GenuineIntel



---------------  S Y S T E M  ---------------

OS:
 Windows 11 , 64 bit Build 26100 (10.0.26100.8328)
OS uptime: 3 days 16:04 hours

CPU: total 12 (initial active 0) 

Memory: 4k page, system-wide physical 7830M (479M free)
TotalPageFile size 31382M (AvailPageFile size 174M)
current process WorkingSet (physical memory assigned to process): 9M, peak: 9M
current process commit charge ("private bytes"): 3M, peak: 3M

vm_info: Java HotSpot(TM) 64-Bit Server VM (17.0.12+8-LTS-286) for windows-amd64 JRE (17.0.12+8-LTS-286), built on Jun  5 2024 06:46:59 by "mach5one" with MS VC++ 17.6 (VS2022)

END.
